Error (CMPL header):  Can't read cmpl file :01_Standardmodell-data.cmpl

