error (input/output): Input file '16_diet.gen' not found

