Optimal solution found
x: 0.562
function value: -0.727990
