read matrix done
read vector done
x 1000
a 1000 1000
