CMPL model generating - running
CMPL model generating - finished
OSSolverServices      - running
---------------------------------------------------------------------------------------------------------
General status:     normal
Problem :           23_production-mix.cmpl
SolverName          COIN-OR cbc
Nr. of Solutions:   1
---------------------------------------------------------------------------------------------------------
Solution nr.:       1
Objective name :    profit
Objective value :   6395 (max!)

Variables           
Nr. of variables:   3
Name                 Type            Activity         Lower Bound         Upper Bound            Marginal
---------------------------------------------------------------------------------------------------------
x1                      I               33.00                0.00              250.00                   -
x2                      I               49.00                0.00              240.00                   -
x3                      I                0.00                0.00              250.00                   -
---------------------------------------------------------------------------------------------------------

Constraints         
Nr. of constraints: 2
Name                 Type            Activity         Lower Bound         Upper Bound            Marginal
---------------------------------------------------------------------------------------------------------
res_1                   L              999.00           -Infinity             1000.00                   -
res_2                   L              985.00           -Infinity             1000.00                   -
---------------------------------------------------------------------------------------------------------
OSSolverServices      - finished
