---------------------------------------------------------------------------------------------------------
Problem              24_test.cmpl
Nr. of variables     6
Nr. of constraints   9
Objective name       profit
Solver name          COIN-OR cbc
---------------------------------------------------------------------------------------------------------

Objective status     optimal
Objective value      4600 (max!)

Variables (x*)
Name                 Type            Activity         Lower bound         Upper bound            Marginal
---------------------------------------------------------------------------------------------------------
x[1]                    C                   0                   0                 250                   -
x[2]                    C                62.5                   0                 240                   -
x[3]                    C                   0                   0                 250                   -
---------------------------------------------------------------------------------------------------------
