Error (interfaces): can not connect the solver: ../Thirdparty/GLPK/glpsol
