---------------------------------------------------------------------------------------------------------
Problem              28_test_G.cmpl
Nr. of variables     6
Nr. of constraints   9
Objective name       profit
Solver name          Gurobi
---------------------------------------------------------------------------------------------------------

Objective status     integer optimal solution
Objective value      4600 (max!)

Variables 
Name                 Type            Activity         Lower bound         Upper bound            Marginal
---------------------------------------------------------------------------------------------------------
x[1]                    C                   0                   0                 250                   -
x[2]                    C                62.5                   0                 240                   -
x[3]                    C                   0                   0                 250                   -
y[1]                    B                   0                   0                   1                   -
y[2]                    B                   1                   0                   1                   -
y[3]                    B                   0                   0                   1                   -
---------------------------------------------------------------------------------------------------------

Constraints 
Name                 Type            Activity         Lower bound         Upper bound            Marginal
---------------------------------------------------------------------------------------------------------
resaaaaaaaaa1_1         L               937.5           -Infinity                1000                   -
resaaaaaaaaa1_2         L                 625           -Infinity                1000                   -
resaaaaaaaaa1_3         L                1000           -Infinity                1000                   -
bb_1_1                  L                   0           -Infinity                   0                   -
bb_1_2                  L                   0           -Infinity                   0                   -
bb_2_1                  L               -17.5           -Infinity                   0                   -
bb_2_2                  L              -177.5           -Infinity                   0                   -
bb_3_1                  L                   0           -Infinity                   0                   -
bb_3_2                  L                   0           -Infinity                   0                   -
---------------------------------------------------------------------------------------------------------
