1..4
1..3
8
3
 k 1
 k 2
 k 3
 tt [1, 1]
 tk [1, 1]
 tk [1, 2]
 tk [1, 4]
 tk [2, 2]
 tk [2, 3]
 tk [2, 4]
 tk [3, 1]
 tk [3, 3]
max s 6000
max c 6
6
min c 2
2
8
1
4
-5
67
-5
2
