Error (interfaces): can not connect the solver: ../Thirdparty/COIN-OS/
