Error (interfaces): can not connect the solver: Cplex ->
