
Error No input file
Usage:  [options] [<input file>]

 Model mode:
 -i <cmplFile>       : input file 
 -m [<File>]         : export model in MPS format in a file or stdout
 -x [<File>]         : export model in OSiL XML format in a file or stdout
 -noOutput           : no generating of a MPS or OSiL file

 Solver mode:
 -solver <solver>    : name of the solver you want to use
                       Possible values for a default installation are  
                       clp (COIN-OR Clp), cbc (COIN-OR Cbc) and  glpk (glpk)
 -solverUrl <url>    : URL of the solver service
                       w/o a defined serviceLocation a local solver is used
 -osol <file>        : name of the file that contains the solver options
 -solutionCsv        : optimization results in CSV format 
                       A file <cmplFileName>.csv will be created.
 -solutionStd        : optimization results on stdout 
 -silent             : optimization results are not displayed 
 -obj <objName>      : name of the objective function  
 -objSense <max/min> : objective sense

 General options:
 -e [<File>]         : output for error messages and warnings 
                       -e simple output to stderr
                       -e<File> ouput in MprL XML format to file
 -l [<File>]         : output for replacements for products of variables
 -s [<File>]         : output for short statistic info
 -p [<File>]         : output for protocol
 -gn                 : generation option: don't make reductions
 -gf                 : generation option: constraints for products of variables follow the product
 -cd                 : no warning at multiple parameter definition
 -ca                 : no warning at deprecated '=' assignment
 -ci<X>              : mode for integer expressions (0 - 3), defaults to 1
 -fc<X>              : format option: maximal length of comment, defaults to 60
 -ff                 : format option: generate free MPS
 -f%<format>        : format option: format spezifier for float number output, defaults to %f
 -h                  : get this help
 -v                  : version
