CmplServer has been stopped
CmplServer has been stopped
