Error (CMPL argument):  -noOutputl: Invalid option
Type cmpl -h for valid commands
