---------------------------------------------------------------------------------------------------------
Problem              23_production-mix.cmpl
Nr. of variables     3
Nr. of constraints   2
Objective name       profit
Solver name          CBC
Display variables    (all)
Display constraints  (all)
---------------------------------------------------------------------------------------------------------

Objective status     optimal
Objective value      6395 (max!)

Variables 
Name                 Type            Activity         Lower bound         Upper bound            Marginal
---------------------------------------------------------------------------------------------------------
x[1]                    I                  33                   0                 250                   -
x[2]                    I                  49                   0                 240                   -
x[3]                    I                   0                   0                 250                   -
---------------------------------------------------------------------------------------------------------

Constraints 
Name                 Type            Activity         Lower bound         Upper bound            Marginal
---------------------------------------------------------------------------------------------------------
res_[1]                 L                 999           -Infinity                1000                   -
res_[2]                 L                 985           -Infinity                1000                   -
---------------------------------------------------------------------------------------------------------