
---------------------------------------------------------------------------------------------------------
Problem              31_transportation_C.cmpl
Nr. of variables     12
Nr. of constraints   7
Objective name       costs
Solver name          CPLEX
Display variables    (all)
Display constraints  (all)
---------------------------------------------------------------------------------------------------------

Objective status     integer optimal solution
Objective value      39500 (min!)

Variables 
Name                 Type            Activity         Lower bound         Upper bound            Marginal
---------------------------------------------------------------------------------------------------------
x[1,1]                  I                3500                   0            Infinity                   -
x[1,2]                  I                1500                   0            Infinity                   -
x[1,3]                  I                   0                   0            Infinity                   -
x[1,4]                  I                   0                   0            Infinity                   -
x[2,1]                  I                   0                   0            Infinity                   -
x[2,2]                  I                2500                   0            Infinity                   -
x[2,3]                  I                2000                   0            Infinity                   -
x[2,4]                  I                1500                   0            Infinity                   -
x[3,1]                  I                2500                   0            Infinity                   -
x[3,2]                  I                   0                   0            Infinity                   -
x[3,3]                  I                   0                   0            Infinity                   -
x[3,4]                  I                   0                   0            Infinity                   -
---------------------------------------------------------------------------------------------------------

Constraints 
Name                 Type            Activity         Lower bound         Upper bound            Marginal
---------------------------------------------------------------------------------------------------------
supplies[1]             L                5000           -Infinity                5000                   -
supplies[2]             L                6000           -Infinity                6000                   -
supplies[3]             L                2500           -Infinity                2500                   -
demands[1]              E                6000                6000                6000                   -
demands[2]              E                4000                4000                4000                   -
demands[3]              E                2000                2000                2000                   -
demands[4]              E                1500                1500                1500                   -
---------------------------------------------------------------------------------------------------------
