1..4
1..3
8
3
 k 1
 k 2
 k 3
 tt [1, 1]
 tk [1, 1]
 tk [1, 2]
 tk [1, 4]
 tk [2, 2]
 tk [2, 3]
 tk [2, 4]
 tk [3, 1]
 tk [3, 3]
max s 6000
max c 6
6
min c 2
2
8
1
4
-5
67
-5
2
nein
ja
nein
ja
set( "a", "b", "c", "d", "e", "f" )
set( "a", "c" )
2(2)10
set( "b", "d" )
nein
ja
nein
ja
set([1, 1], [1, 2], [2, 2])
[1..3]
[set( 1, 2, 4, 3 )]
[set( 1, 2, 4 )]
set([null])
[1..3]
set([1, 1], [1, 2], [1, 4])
4
1
0
 i 1 j 1
 i 1 j 2
 i 1 j 4
 i 2 j 2
 i 2 j 3
 i 2 j 4
 i 3 j 1
 i 3 j 3
1..3
1..3
