Error (interfaces):  gurobi failed - exit code Ã¿
