/Users/mike/Documents/Projekte/Projekte/CMPL/Cmpl/test/test-cmpl: line 76: ../bin/cmpl: No such file or directory
